---------------------------------------------------------------------------------------------------------------------------------
      name:  tbl
       log:  /Users/naikajeanbaptiste/Documents/Eco 726/Project 2/logs/table.log
  log type:  text
 opened on:  21 Nov 2025, 21:15:14

. 
. use "$raw/raw_data.dta", clear

. export delimited using "$raw/raw_data.csv", replace
file /Users/naikajeanbaptiste/Documents/Eco 726/Project 2/raw_data.csv saved

. 
. 
. ******************** Table 6
. 
. rename v1  age 

. rename v2  ageq

. rename v4  educ

. rename v5  enocent

. rename v6  esocent

. rename v9  lwklywge

. rename v10 married

. rename v11 midatl

. rename v12 mt

. rename v13 neweng

. rename v16 census

. rename v18 qob

. rename v19 race

. rename v20 smsa

. rename v21 soatl

. rename v24 wnocent

. rename v25 wsocent

. rename v27 yob

. 
. 
. * verifying the data 
. keep if census==80
(247,199 observations deleted)

. assert census==80 

. 
. replace yob = yob - 1900 if yob >= 1900
(0 real changes made)

. 
. keep if inrange(yob, 40, 49)
(329,509 observations deleted)

. 
. drop if missing(lwklywge, educ, qob, yob)
(0 observations deleted)

. 
. 
. * creating new variables
. generate ageqsq = ageq^2

. *** end part a
. 
. * Part b: Reproducing Angrist and Krueger's Table 6
. eststo clear

. 
. 
. * Model 1
. regress lwklywge educ i.yob

      Source |       SS           df       MS      Number of obs   =   486,926
-------------+----------------------------------   F(10, 486915)   =   4396.64
       Model |  16795.7577        10  1679.57577   Prob > F        =    0.0000
    Residual |  186007.985   486,915  .382013257   R-squared       =    0.0828
-------------+----------------------------------   Adj R-squared   =    0.0828
       Total |  202803.743   486,925  .416498932   Root MSE        =    .61807

------------------------------------------------------------------------------
    lwklywge | Coefficient  Std. err.      t    P>|t|     [95% conf. interval]
-------------+----------------------------------------------------------------
        educ |   .0573383   .0002981   192.37   0.000     .0567541    .0579224
             |
         yob |
         41  |   -.008401   .0044663    -1.88   0.060    -.0171549    .0003528
         42  |   -.020105   .0042998    -4.68   0.000    -.0285323   -.0116776
         43  |  -.0323785   .0042716    -7.58   0.000    -.0407507   -.0240063
         44  |  -.0688195   .0043143   -15.95   0.000    -.0772754   -.0603637
         45  |  -.0972022   .0043119   -22.54   0.000    -.1056534    -.088751
         46  |  -.1303642   .0041339   -31.54   0.000    -.1384665   -.1222619
         47  |  -.1659494     .00404   -41.08   0.000    -.1738678   -.1580311
         48  |  -.2107593    .004081   -51.64   0.000    -.2187579   -.2027607
         49  |  -.2510504   .0040846   -61.46   0.000    -.2590561   -.2430446
             |
       _cons |   5.129832     .00503  1019.85   0.000     5.119973     5.13969
------------------------------------------------------------------------------

. eststo column_1

. 
. * Model 2
. gen q1 = qob == 1

. ivregress 2sls lwklywge (educ = q1) i.yob

Instrumental variables 2SLS regression            Number of obs   =    486,926
                                                  Wald chi2(10)   =    6130.47
                                                  Prob > chi2     =     0.0000
                                                  R-squared       =          .
                                                  Root MSE        =     .65853

------------------------------------------------------------------------------
    lwklywge | Coefficient  Std. err.      z    P>|z|     [95% conf. interval]
-------------+----------------------------------------------------------------
        educ |   -.019143   .0269407    -0.71   0.477    -.0719458    .0336599
             |
         yob |
         41  |  -.0010277   .0054212    -0.19   0.850    -.0116532    .0095977
         42  |   .0005057   .0085843     0.06   0.953    -.0163192    .0173307
         43  |  -.0082215   .0096495    -0.85   0.394    -.0271342    .0106911
         44  |  -.0419691   .0105154    -3.99   0.000    -.0625789   -.0213593
         45  |  -.0598062   .0139501    -4.29   0.000     -.087148   -.0324645
         46  |  -.0822302    .017517    -4.69   0.000    -.1165628   -.0478975
         47  |  -.1134001   .0190033    -5.97   0.000    -.1506458   -.0761543
         48  |  -.1613556   .0179364    -9.00   0.000    -.1965103   -.1262009
         49  |  -.2026941   .0175797   -11.53   0.000    -.2371496   -.1682386
             |
       _cons |   6.133695   .3536296    17.34   0.000     5.440594    6.826796
------------------------------------------------------------------------------
Endogenous: educ
Exogenous:  41.yob 42.yob 43.yob 44.yob 45.yob 46.yob 47.yob 48.yob 49.yob
            q1

. eststo column_2

. estat firststage

  First-stage regression summary statistics
  --------------------------------------------------------------------------
               |            Adjusted      Partial
      Variable |   R-sq.       R-sq.        R-sq.   F(1,486915)   Prob > F
  -------------+------------------------------------------------------------
          educ |  0.0058      0.0058       0.0001       67.6651    0.0000
  --------------------------------------------------------------------------


  Minimum eigenvalue statistic = 67.6651     

  Critical Values                      # of endogenous regressors:    1
  H0: Instruments are weak             # of excluded instruments:     1
  ---------------------------------------------------------------------
                                     |    5%     10%     20%     30%
  2SLS relative bias                 |         (not available)
  -----------------------------------+---------------------------------
                                     |   10%     15%     20%     25%
  2SLS size of nominal 5% Wald test  |  16.38    8.96    6.66    5.53
  LIML size of nominal 5% Wald test  |  16.38    8.96    6.66    5.53
  ---------------------------------------------------------------------


. 
. 
. * Model 3
. regress lwklywge educ ageq ageqsq ib49.yob

      Source |       SS           df       MS      Number of obs   =   486,926
-------------+----------------------------------   F(12, 486913)   =   3668.19
       Model |  16813.9977        12  1401.16648   Prob > F        =    0.0000
    Residual |  185989.745   486,913  .381977365   R-squared       =    0.0829
-------------+----------------------------------   Adj R-squared   =    0.0829
       Total |  202803.743   486,925  .416498932   Root MSE        =    .61804

------------------------------------------------------------------------------
    lwklywge | Coefficient  Std. err.      t    P>|t|     [95% conf. interval]
-------------+----------------------------------------------------------------
        educ |   .0573462   .0002981   192.38   0.000      .056762    .0579304
        ageq |   8.999132    2.16347     4.16   0.000     4.758798    13.23947
      ageqsq |  -.0023212   .0005591    -4.15   0.000     -.003417   -.0012253
             |
         yob |
         40  |   .1094929   .0292105     3.75   0.000     .0522413    .1667445
         41  |   .0982343   .0257918     3.81   0.000     .0476831    .1487855
         42  |   .0883942    .023059     3.83   0.000     .0431992    .1335891
         43  |   .0824264   .0208529     3.95   0.000     .0415553    .1232975
         44  |   .0571493    .018672     3.06   0.002     .0205527    .0937459
         45  |   .0444615   .0163044     2.73   0.006     .0125053    .0764177
         46  |   .0326804   .0133254     2.45   0.014      .006563    .0587978
         47  |   .0207305   .0101334     2.05   0.041     .0008695    .0405916
         48  |   .0059557   .0062991     0.95   0.344    -.0063904    .0183018
             |
       _cons |  -8717.417   2092.853    -4.17   0.000    -12819.35    -4615.49
------------------------------------------------------------------------------

. eststo column_3

. 
. * Model 4
. ivregress 2sls lwklywge (educ = q1) ageq ageqsq i.yob
note: ageqsq omitted because of collinearity.

Instrumental variables 2SLS regression            Number of obs   =    486,926
                                                  Wald chi2(11)   =    3255.98
                                                  Prob > chi2     =     0.0000
                                                  R-squared       =          .
                                                  Root MSE        =     .90459

------------------------------------------------------------------------------
    lwklywge | Coefficient  Std. err.      z    P>|z|     [95% conf. interval]
-------------+----------------------------------------------------------------
        educ |   .2796494   .1609981     1.74   0.082    -.0359011    .5951998
        ageq |   .0483416   .0227649     2.12   0.034     .0037231      .09296
      ageqsq |          0  (omitted)
             |
         yob |
         41  |   .0186838   .0105544     1.77   0.077    -.0020025    .0393701
         42  |   .0175665   .0114222     1.54   0.124    -.0048206    .0399537
         43  |    .042174   .0220393     1.91   0.056    -.0010223    .0853704
         44  |   .0466707   .0381586     1.22   0.221    -.0281189    .1214602
         45  |   .0358896   .0406671     0.88   0.377    -.0438164    .1155957
         46  |   .0220306   .0441129     0.50   0.617    -.0644291    .1084904
         47  |   .0191535   .0559401     0.34   0.732     -.090487     .128794
         48  |   .0325042   .0833638     0.39   0.697    -.1308858    .1958942
         49  |   .0436547   .1075365     0.41   0.685    -.1671129    .2544224
             |
       _cons |  -91.55253   46.22593    -1.98   0.048    -182.1537   -.9513732
------------------------------------------------------------------------------
Endogenous: educ
Exogenous:  ageq 41.yob 42.yob 43.yob 44.yob 45.yob 46.yob 47.yob 48.yob
            49.yob q1

. eststo column_4

. 
. 
. 
. * Model 5
. regress lwklywge educ race smsa married ///
>         neweng midatl enocent wnocent soatl esocent wsocent mt ///
>         i.yob

      Source |       SS           df       MS      Number of obs   =   486,926
-------------+----------------------------------   F(21, 486904)   =   3447.63
       Model |  26252.3155        21  1250.11026   Prob > F        =    0.0000
    Residual |  176551.427   486,904  .362600075   R-squared       =    0.1294
-------------+----------------------------------   Adj R-squared   =    0.1294
       Total |  202803.743   486,925  .416498932   Root MSE        =    .60216

------------------------------------------------------------------------------
    lwklywge | Coefficient  Std. err.      t    P>|t|     [95% conf. interval]
-------------+----------------------------------------------------------------
        educ |   .0520464   .0002971   175.19   0.000     .0514641    .0526287
        race |  -.2107128   .0032215   -65.41   0.000    -.2170268   -.2043988
        smsa |  -.1418395   .0022877   -62.00   0.000    -.1463234   -.1373556
     married |   .2445162   .0022017   111.06   0.000     .2402009    .2488314
      neweng |  -.0925392   .0043444   -21.30   0.000    -.1010541   -.0840243
      midatl |  -.0143339   .0032692    -4.38   0.000    -.0207415   -.0079263
     enocent |   .0428862   .0031058    13.81   0.000      .036799    .0489734
     wnocent |  -.0701283   .0039399   -17.80   0.000    -.0778503   -.0624063
       soatl |  -.1050696   .0032102   -32.73   0.000    -.1113615   -.0987776
     esocent |  -.1202768   .0041859   -28.73   0.000     -.128481   -.1120727
     wsocent |  -.0583213   .0036588   -15.94   0.000    -.0654924   -.0511502
          mt |  -.0674863   .0044884   -15.04   0.000    -.0762833   -.0586892
             |
         yob |
         41  |  -.0081533   .0043514    -1.87   0.061     -.016682    .0003754
         42  |   -.020887   .0041892    -4.99   0.000    -.0290977   -.0126762
         43  |  -.0310513   .0041618    -7.46   0.000    -.0392083   -.0228942
         44  |  -.0620105   .0042037   -14.75   0.000    -.0702495   -.0537715
         45  |  -.0874218   .0042016   -20.81   0.000    -.0956568   -.0791868
         46  |  -.1190692   .0040287   -29.56   0.000    -.1269653    -.111173
         47  |  -.1508475   .0039381   -38.30   0.000     -.158566    -.143129
         48  |  -.1889845   .0039796   -47.49   0.000    -.1967843   -.1811846
         49  |  -.2239961   .0039853   -56.21   0.000    -.2318072   -.2161849
             |
       _cons |   5.077823    .005894   861.52   0.000     5.066271    5.089376
------------------------------------------------------------------------------

. eststo column_5

. 
. * Model 6
. gen byte q2 = (qob==2)

. gen byte q3 = (qob==3)

. gen byte q4 = (qob==4)

. ivregress 2sls lwklywge (educ = q2 q3 q4) ///
>         race smsa married ///
>         neweng midatl enocent wnocent soatl esocent wsocent mt ///
>         i.yob, first

First-stage regressions
-----------------------

                                                       Number of obs = 486,926
                                                       F(23, 486902) = 1118.93
                                                       Prob > F      =  0.0000
                                                       R-squared     =  0.0502
                                                       Adj R-squared =  0.0502
                                                       Root MSE      =  2.9045

------------------------------------------------------------------------------
        educ | Coefficient  Std. err.      t    P>|t|     [95% conf. interval]
-------------+----------------------------------------------------------------
        race |   -1.24379   .0154365   -80.57   0.000    -1.274045   -1.213535
        smsa |  -.9162584   .0109565   -83.63   0.000    -.9377328    -.894784
     married |  -.0231263     .01062    -2.18   0.029    -.0439412   -.0023115
      neweng |   -.326098   .0209501   -15.57   0.000    -.3671595   -.2850365
      midatl |  -.4776273   .0157542   -30.32   0.000     -.508505   -.4467496
     enocent |  -.7989878    .014937   -53.49   0.000    -.8282639   -.7697117
     wnocent |  -.4250327   .0189944   -22.38   0.000    -.4622612   -.3878042
       soatl |  -.8347722   .0154385   -54.07   0.000    -.8650312   -.8045132
     esocent |  -1.240819   .0201125   -61.69   0.000    -1.280239   -1.201399
     wsocent |  -.6475465   .0176266   -36.74   0.000     -.682094   -.6129989
          mt |  -.0313125   .0216496    -1.45   0.148    -.0737451      .01112
             |
         yob |
         41  |   .0948382   .0209888     4.52   0.000     .0537009    .1359756
         42  |   .2472553   .0202059    12.24   0.000     .2076524    .2868582
         43  |   .2990449   .0200702    14.90   0.000     .2597079    .3383819
         44  |   .3353605   .0202708    16.54   0.000     .2956303    .3750907
         45  |   .4783898   .0202549    23.62   0.000     .4386909    .5180887
         46  |   .5988221   .0194263    30.83   0.000     .5607472    .6368969
         47  |   .6647624   .0189725    35.04   0.000      .627577    .7019478
         48  |    .636753   .0191742    33.21   0.000     .5991722    .6743338
         49  |   .6284927   .0192023    32.73   0.000     .5908567    .6661286
             |
          q2 |   .0458592   .0120525     3.80   0.000     .0222367    .0694817
          q3 |   .0681344   .0116971     5.82   0.000     .0452084    .0910605
          q4 |   .1024027    .011821     8.66   0.000     .0792339    .1255716
       _cons |   13.94494   .0214718   649.45   0.000     13.90285    13.98702
------------------------------------------------------------------------------


Instrumental variables 2SLS regression            Number of obs   =    486,926
                                                  Wald chi2(21)   =   30541.49
                                                  Prob > chi2     =     0.0000
                                                  R-squared       =          .
                                                  Root MSE        =     .70378

------------------------------------------------------------------------------
    lwklywge | Coefficient  Std. err.      z    P>|z|     [95% conf. interval]
-------------+----------------------------------------------------------------
        educ |   -.073373   .0272706    -2.69   0.007    -.1268224   -.0199235
        race |  -.3668142   .0341474   -10.74   0.000     -.433742   -.2998865
        smsa |   -.256781    .025133   -10.22   0.000    -.3060407   -.2075213
     married |   .2415316   .0026538    91.01   0.000     .2363303    .2467329
      neweng |  -.1334921   .0102499   -13.02   0.000    -.1535816   -.1134027
      midatl |  -.0742221   .0135698    -5.47   0.000    -.1008185   -.0476258
     enocent |  -.0572779   .0220779    -2.59   0.009    -.1005498    -.014006
     wnocent |  -.1233572   .0124553    -9.90   0.000    -.1477692   -.0989452
       soatl |  -.2097548   .0230676    -9.09   0.000    -.2549665   -.1645431
     esocent |  -.2759472   .0341973    -8.07   0.000    -.3429725   -.2089218
     wsocent |  -.1393664   .0181321    -7.69   0.000    -.1749046   -.1038281
          mt |  -.0714925   .0053176   -13.44   0.000    -.0819148   -.0610703
             |
         yob |
         41  |   .0037935   .0057106     0.66   0.507    -.0073991    .0149862
         42  |   .0104195   .0083846     1.24   0.214    -.0060141     .026853
         43  |   .0063617   .0094776     0.67   0.502    -.0122141    .0249375
         44  |  -.0199025     .01039    -1.92   0.055    -.0402665    .0004616
         45  |  -.0274008    .013943    -1.97   0.049    -.0547286   -.0000731
         46  |  -.0432201     .01715    -2.52   0.012    -.0768334   -.0096068
         47  |  -.0676682   .0186612    -3.63   0.000    -.1042434    -.031093
         48  |  -.1090992   .0179805    -6.07   0.000    -.1443403   -.0738581
         49  |  -.1451213   .0177701    -8.17   0.000      -.17995   -.1102925
             |
       _cons |   6.833669   .3818144    17.90   0.000     6.085327    7.582012
------------------------------------------------------------------------------
Endogenous: educ
Exogenous:  race smsa married neweng midatl enocent wnocent soatl esocent
            wsocent mt 41.yob 42.yob 43.yob 44.yob 45.yob 46.yob 47.yob
            48.yob 49.yob q2 q3 q4

. eststo column_6

. estat firststage

  First-stage regression summary statistics
  --------------------------------------------------------------------------
               |            Adjusted      Partial
      Variable |   R-sq.       R-sq.        R-sq.   F(3,486902)   Prob > F
  -------------+------------------------------------------------------------
          educ |  0.0502      0.0502       0.0002       26.3153    0.0000
  --------------------------------------------------------------------------


  Minimum eigenvalue statistic = 26.3153     

  Critical Values                      # of endogenous regressors:    1
  H0: Instruments are weak             # of excluded instruments:     3
  ---------------------------------------------------------------------
                                     |    5%     10%     20%     30%
  2SLS relative bias                 |  13.91    9.08    6.46    5.39
  -----------------------------------+---------------------------------
                                     |   10%     15%     20%     25%
  2SLS size of nominal 5% Wald test  |  22.30   12.83    9.54    7.80
  LIML size of nominal 5% Wald test  |   6.46    4.36    3.69    3.32
  ---------------------------------------------------------------------


. estat overid

  Tests of overidentifying restrictions:

  Sargan (score) chi2(2) =  9.69369  (p = 0.0079)
  Basmann chi2(2)        =   9.6934  (p = 0.0079)

. 
. * Model 7
. regress lwklywge educ ageq ageqsq race smsa married ///
>         neweng midatl enocent wnocent soatl esocent wsocent mt ///
>         i.yob

      Source |       SS           df       MS      Number of obs   =   486,926
-------------+----------------------------------   F(23, 486902)   =   3149.91
       Model |  26267.4989        23  1142.06517   Prob > F        =    0.0000
    Residual |  176536.244   486,902  .362570381   R-squared       =    0.1295
-------------+----------------------------------   Adj R-squared   =    0.1295
       Total |  202803.743   486,925  .416498932   Root MSE        =    .60214

------------------------------------------------------------------------------
    lwklywge | Coefficient  Std. err.      t    P>|t|     [95% conf. interval]
-------------+----------------------------------------------------------------
        educ |   .0520559   .0002971   175.21   0.000     .0514736    .0526383
        ageq |   7.461861   2.107854     3.54   0.000     3.330532    11.59319
      ageqsq |  -.0019241   .0005447    -3.53   0.000    -.0029917   -.0008564
        race |   -.210762   .0032214   -65.43   0.000    -.2170758   -.2044482
        smsa |  -.1418543   .0022876   -62.01   0.000     -.146338   -.1373706
     married |   .2444062   .0022017   111.01   0.000      .240091    .2487214
      neweng |    -.09264   .0043443   -21.32   0.000    -.1011547   -.0841254
      midatl |  -.0143311   .0032691    -4.38   0.000    -.0207384   -.0079237
     enocent |   .0429417   .0031057    13.83   0.000     .0368546    .0490287
     wnocent |  -.0700321   .0039397   -17.78   0.000    -.0777539   -.0623104
       soatl |  -.1050149   .0032101   -32.71   0.000    -.1113066   -.0987231
     esocent |  -.1202835   .0041857   -28.74   0.000    -.1284874   -.1120797
     wsocent |  -.0580795   .0036589   -15.87   0.000    -.0652507   -.0509082
          mt |  -.0675451   .0044882   -15.05   0.000    -.0763418   -.0587484
             |
         yob |
         41  |  -.0082736   .0071931    -1.15   0.250    -.0223719    .0058247
         42  |  -.0171864   .0113982    -1.51   0.132    -.0395264    .0051537
         43  |  -.0199373   .0150586    -1.32   0.186    -.0494518    .0095772
         44  |   -.039383    .018208    -2.16   0.031      -.07507   -.0036959
         45  |   -.049548   .0207125    -2.39   0.017    -.0901439   -.0089521
         46  |  -.0611319   .0228137    -2.68   0.007     -.105846   -.0164177
         47  |  -.0712067   .0244826    -2.91   0.004    -.1191919   -.0232216
         48  |  -.0821767   .0263177    -3.12   0.002    -.1337586   -.0305949
         49  |  -.0864849   .0284621    -3.04   0.002    -.1422697      -.0307
             |
       _cons |   -7229.53   2039.049    -3.55   0.000       -11226   -3233.058
------------------------------------------------------------------------------

. eststo column_7

. 
. * Model 8 
. ivregress 2sls lwklywge (educ = q2 q3 q4) ///
>         ageq ageqsq race smsa married ///
>         neweng midatl enocent wnocent soatl esocent wsocent mt ///
>         i.yob, first
note: ageqsq omitted because of collinearity.
note: q4 omitted because of collinearity.

First-stage regressions
-----------------------

                                                       Number of obs = 486,926
                                                       F(23, 486902) = 1118.93
                                                       Prob > F      =  0.0000
                                                       R-squared     =  0.0502
                                                       Adj R-squared =  0.0502
                                                       Root MSE      =  2.9045

------------------------------------------------------------------------------
        educ | Coefficient  Std. err.      t    P>|t|     [95% conf. interval]
-------------+----------------------------------------------------------------
        ageq |   -.136537   .0157614    -8.66   0.000    -.1674288   -.1056451
      ageqsq |          0  (omitted)
        race |   -1.24379   .0154365   -80.57   0.000    -1.274045   -1.213535
        smsa |  -.9162584   .0109565   -83.63   0.000    -.9377328    -.894784
     married |  -.0231263     .01062    -2.18   0.029    -.0439412   -.0023115
      neweng |   -.326098   .0209501   -15.57   0.000    -.3671595   -.2850365
      midatl |  -.4776273   .0157542   -30.32   0.000     -.508505   -.4467496
     enocent |  -.7989878    .014937   -53.49   0.000    -.8282639   -.7697117
     wnocent |  -.4250327   .0189944   -22.38   0.000    -.4622612   -.3878042
       soatl |  -.8347722   .0154385   -54.07   0.000    -.8650312   -.8045132
     esocent |  -1.240819   .0201125   -61.69   0.000    -1.280239   -1.201399
     wsocent |  -.6475465   .0176266   -36.74   0.000     -.682094   -.6129989
          mt |  -.0313125   .0216496    -1.45   0.148    -.0737451      .01112
             |
         yob |
         41  |  -.0416987   .0262731    -1.59   0.112    -.0931932    .0097957
         42  |  -.0258186   .0376651    -0.69   0.493     -.099641    .0480037
         43  |   -.110566   .0512969    -2.16   0.031    -.2111062   -.0100257
         44  |  -.2107873   .0662658    -3.18   0.001    -.3406663   -.0809084
         45  |   -.204295   .0813902    -2.51   0.012    -.3638173   -.0447727
         46  |  -.2203997   .0971602    -2.27   0.023    -.4108305   -.0299688
         47  |  -.2909963   .1117906    -2.60   0.009    -.5101024   -.0718901
         48  |  -.4555426   .1275549    -3.57   0.000    -.7055462   -.2055391
         49  |  -.6003399   .1431908    -4.19   0.000    -.8809894   -.3196904
             |
          q2 |    .011725   .0106284     1.10   0.270    -.0091063    .0325562
          q3 |   -.000134   .0101504    -0.01   0.989    -.0200284    .0197603
       _cons |   278.8266   30.57102     9.12   0.000     218.9084    338.7449
------------------------------------------------------------------------------


Instrumental variables 2SLS regression            Number of obs   =    486,926
                                                  Wald chi2(22)   =   41723.53
                                                  Prob > chi2     =     0.0000
                                                  R-squared       =     0.1295
                                                  Root MSE        =     .60213

------------------------------------------------------------------------------
    lwklywge | Coefficient  Std. err.      z    P>|z|     [95% conf. interval]
-------------+----------------------------------------------------------------
        educ |   .0524652   .1793853     0.29   0.770    -.2991236    .4040539
        ageq |   .0168615   .0238323     0.71   0.479    -.0298489    .0635718
      ageqsq |          0  (omitted)
        race |  -.2102911    .223153    -0.94   0.346    -.6476629    .2270808
        smsa |  -.1414841   .1643749    -0.86   0.389     -.463653    .1806848
     married |   .2444449   .0047022    51.99   0.000     .2352288     .253661
      neweng |  -.0924636   .0586497    -1.58   0.115    -.2074149    .0224878
      midatl |  -.0141157   .0857451    -0.16   0.869    -.1821729    .1539416
     enocent |   .0432725   .1433693     0.30   0.763    -.2377262    .3242712
     wnocent |  -.0698594   .0763618    -0.91   0.360    -.2195258    .0798071
       soatl |  -.1046961   .1497975    -0.70   0.485    -.3982937    .1889016
     esocent |  -.1197854   .2226521    -0.54   0.591    -.5561756    .3166047
     wsocent |  -.0578403   .1162697    -0.50   0.619    -.2857248    .1700442
          mt |  -.0675488   .0071951    -9.39   0.000     -.081651   -.0534466
             |
         yob |
         41  |   .0087284    .008516     1.02   0.305    -.0079627    .0254195
         42  |   .0130443   .0080762     1.62   0.106    -.0027848    .0288734
         43  |   .0193179   .0200275     0.96   0.335    -.0199353    .0585711
         44  |    .005352   .0367853     0.15   0.884    -.0667459    .0774499
         45  |  -.0032882   .0361086    -0.09   0.927    -.0740598    .0674834
         46  |  -.0173705   .0393725    -0.44   0.659    -.0945392    .0597983
         47  |   -.033288   .0511492    -0.65   0.515    -.1335386    .0669625
         48  |  -.0543185   .0789414    -0.69   0.491    -.2090407    .1004038
         49  |  -.0724472   .1038377    -0.70   0.485    -.2759653    .1310709
             |
       _cons |  -27.63287   48.71663    -0.57   0.571    -123.1157    67.84998
------------------------------------------------------------------------------
Endogenous: educ
Exogenous:  ageq race smsa married neweng midatl enocent wnocent soatl
            esocent wsocent mt 41.yob 42.yob 43.yob 44.yob 45.yob 46.yob
            47.yob 48.yob 49.yob q2 q3

. eststo column_8

. estat firststage

  First-stage regression summary statistics
  --------------------------------------------------------------------------
               |            Adjusted      Partial
      Variable |   R-sq.       R-sq.        R-sq.   F(2,486902)   Prob > F
  -------------+------------------------------------------------------------
          educ |  0.0502      0.0502       0.0000       .667774    0.5128
  --------------------------------------------------------------------------


  Minimum eigenvalue statistic = .667741     

  Critical Values                      # of endogenous regressors:    1
  H0: Instruments are weak             # of excluded instruments:     2
  ---------------------------------------------------------------------
                                     |    5%     10%     20%     30%
  2SLS relative bias                 |         (not available)
  -----------------------------------+---------------------------------
                                     |   10%     15%     20%     25%
  2SLS size of nominal 5% Wald test  |  19.93   11.59    8.75    7.25
  LIML size of nominal 5% Wald test  |   8.68    5.33    4.42    3.92
  ---------------------------------------------------------------------


. 
. *** end part b
. 
. 
. * Part c: Reproducing Angrist and Krueger's Table 6
. 
. *  Writing the reproduced table to log file
. esttab column_1 column_2 column_3 column_4 ///
>        column_5 column_6 column_7 column_8, ///
>     b(%9.4f) se(%9.4f) ///
>     stats(r2, labels("R^2")) ///
>     nodepvars nostar obslast nobaselevels alignment(r) ///
>     title("TABLE VI: OLS and TSLS Estimates") ///
>     mtitles("OLS" "TSLS" "OLS" "TSLS" "OLS" "TSLS" "OLS" "TSLS") ///
>     coeflabels(_cons   "Constant" ///
>                educ    "Years of Education" ///
>                race    "Race(1=Black)" ///
>                smsa    "SMSA (1=Center City)" ///
>                married "Married(1=Married)" ///
>                ageq    "Age" ///
>                ageqsq  "Age-Squared") ///
>     indicate("Year-of-Birth dummies = *.yob" ///
>              "Region dummies = neweng midatl enocent wnocent soatl esocent wsocent mt") ///
>     order(_cons educ race smsa married *.yob ageq ageqsq) ///
>          addnotes("Standard errors in parentheses. Sample: men born 1940–1949 in the 1980 Census. TSLS uses quarter-of-birth × 
> year-of-birth interactions as instruments. Models include a constant, year-of-birth dummies, and additional controls as indicat
> ed. Outcome is log weekly wages.") ///
>     replace

TABLE VI: OLS and TSLS Estimates
--------------------------------------------------------------------------------------------------------------------
                      (1)          (2)          (3)          (4)          (5)          (6)          (7)          (8)
                      OLS         TSLS          OLS         TSLS          OLS         TSLS          OLS         TSLS
--------------------------------------------------------------------------------------------------------------------
Constant           5.1298       6.1337    -8.72e+03     -91.5525       5.0778       6.8337    -7.23e+03     -27.6329
                 (0.0050)     (0.3536)  (2092.8534)    (46.2259)     (0.0059)     (0.3818)  (2039.0486)    (48.7166)

Years of E~n       0.0573      -0.0191       0.0573       0.2796       0.0520      -0.0734       0.0521       0.0525
                 (0.0003)     (0.0269)     (0.0003)     (0.1610)     (0.0003)     (0.0273)     (0.0003)     (0.1794)

Race(1=Bla~)                                                          -0.2107      -0.3668      -0.2108      -0.2103
                                                                     (0.0032)     (0.0341)     (0.0032)     (0.2232)

SMSA (1=Ce~)                                                          -0.1418      -0.2568      -0.1419      -0.1415
                                                                     (0.0023)     (0.0251)     (0.0023)     (0.1644)

Married(1=~)                                                           0.2445       0.2415       0.2444       0.2444
                                                                     (0.0022)     (0.0027)     (0.0022)     (0.0047)

Age                                          8.9991       0.0483                                 7.4619       0.0169
                                           (2.1635)     (0.0228)                               (2.1079)     (0.0238)

Age-Squared                                 -0.0023       0.0000                                -0.0019       0.0000
                                           (0.0006)          (.)                               (0.0005)          (.)

Year-of-Bi~s          Yes          Yes          Yes          Yes          Yes          Yes          Yes          Yes

Region dum~s           No           No           No           No          Yes          Yes          Yes          Yes
--------------------------------------------------------------------------------------------------------------------
R^2                0.0828            .       0.0829            .       0.1294            .       0.1295       0.1295
--------------------------------------------------------------------------------------------------------------------
Standard errors in parentheses
Standard errors in parentheses. Sample: men born 1940–1949 in the 1980 Census. TSLS uses quarter-of-birth × year-of-birth interac
> tions as instruments. Models include a constant, year-of-birth dummies, and additional controls as indicated. Outcome is log we
> ekly wages.

.    
. 
. * Writing the reproduced table to LaTex
. esttab column_1 column_2 column_3 column_4 ///
>        column_5 column_6 column_7 column_8 using ///
>     "$tables/Table_6_Jean-Baptiste.tex", ///
>     b(%9.4f) se(%9.4f) ///
>     stats(r2, labels("R^2")) ///
>     nodepvars nostar obslast nobaselevels alignment(r) ///
>     title("TABLE VI: OLS and TSLS Estimates") ///
>     mtitles("OLS" "TSLS" "OLS" "TSLS" "OLS" "TSLS" "OLS" "TSLS") ///
>     coeflabels(_cons   "Constant" ///
>                educ    "Years of Education" ///
>                race    "Race(1=Black)" ///
>                smsa    "SMSA (1=Center City)" ///
>                married "Married(1=Married)" ///
>                ageq    "Age" ///
>                ageqsq  "Age-Squared") ///
>     indicate("Year-of-Birth dummies = *.yob" ///
>              "Region dummies = neweng midatl enocent wnocent soatl esocent wsocent mt") ///
>     order(_cons educ race smsa married *.yob ageq ageqsq) ///
>          addnotes("Standard errors in parentheses. Sample: men born 1940–1949 in the 1980 Census. TSLS uses quarter-of-birth × 
> year-of-birth interactions as instruments. Models include a constant, year-of-birth dummies, and additional controls as indicat
> ed. Outcome is log weekly wages.") ///
>     replace
(output written to /Users/naikajeanbaptiste/Documents/Eco 726/Project 2/tables/Table_6_Jean-Baptiste.tex)

.   
.         
. log close tbl
      name:  tbl
       log:  /Users/naikajeanbaptiste/Documents/Eco 726/Project 2/logs/table.log
  log type:  text
 closed on:  21 Nov 2025, 21:15:44
---------------------------------------------------------------------------------------------------------------------------------
